// Jest Snapshot v1, https://goo.gl/fbAQLP

exports[`<Loader /> should be an loader element 1`] = `
<div>
  <ForwardRef />
</div>
`;
